// 同步 ID: f4d65a44 @ Fri Jul 24 00:10:20 UTC 2026
// 同步 ID: fc45c812 @ Fri Jul 24 17:55:02 UTC 2026
// 同步 ID: 9bcb044d @ Fri Jul 24 23:27:31 UTC 2026
// 重构日志: 5ba54287
// 同步 ID: cca9efa0 @ Sun Jul 26 10:26:31 UTC 2026
// 重构日志: 5255f21c
// 同步 ID: 3d879e85 @ Sun Jul 26 15:38:31 UTC 2026
// 同步 ID: bc5d0423 @ Wed Jul 29 01:07:38 UTC 2026
// 同步 ID: 86a7ac02 @ Wed Jul 29 11:12:46 UTC 2026
// 同步 ID: de24f766 @ Wed Jul 29 18:01:01 UTC 2026
// 重构日志: b1e9311b
// 重构日志: 64ac2c02
// 重构日志: 65a23cdf
// 重构日志: f6c2418f
// 同步 ID: e6f87c8f @ Fri Jul 31 15:51:35 UTC 2026
// 重构日志: ba31a88b
// 重构日志: baa9bbb4
// 同步 ID: 6cb8b456 @ Sun Aug  2 01:39:42 UTC 2026
// 重构日志: 1f15ab95
// 重构日志: 2ed733a5
// 重构日志: 62e2a593
// 同步 ID: 21f7e5d3 @ Mon Aug  3 04:41:06 UTC 2026
// 重构日志: f428481c
// 同步 ID: 224d4e36 @ Mon Aug  3 15:47:12 UTC 2026
// 同步 ID: d8c19990 @ Mon Aug  3 18:07:30 UTC 2026
// 重构日志: f3d4f5e9
// 同步 ID: dbb2aa88 @ Tue Aug  4 13:46:41 UTC 2026
// 重构日志: 76559cbe
// 同步 ID: 1a4092b7 @ Thu Aug  6 11:54:43 UTC 2026
// 同步 ID: 305eccd1 @ Fri Aug  7 01:12:41 UTC 2026
